// Jest Snapshot v1, https://goo.gl/fbAQLP

exports[`DataTable Snapshots Renders with default props 1`] = `
<div
  className="Inline-wrapper"
>
  <div>
    <div>
      Left node
    </div>
  </div>
  <div>
    <div>
      Right node
    </div>
  </div>
</div>
`;
